
捨棄的輸入區段

 .text          0x0000000000000000        0x0 arch/arm64/common/head.o
 .data          0x0000000000000000        0x0 arch/arm64/common/head.o
 .bss           0x0000000000000000        0x0 arch/arm64/common/head.o
 .text.icache_disable
                0x0000000000000000       0x7c init/built-in.lib
 .text.invalidate_icache_all
                0x0000000000000000        0x4 init/built-in.lib
 .text.flush_dcache_all
                0x0000000000000000        0x4 init/built-in.lib
 .text.invalidate_dcache_all
                0x0000000000000000        0x4 init/built-in.lib
 .text.disable_interrupts
                0x0000000000000000        0x8 init/built-in.lib
 .data          0x0000000000000000        0x0 init/built-in.lib
 .bss           0x0000000000000000        0x0 init/built-in.lib
 .text          0x0000000000000000      0x114 arch/arm64/common/built-in.lib
 .text.mmu_disable
                0x0000000000000000       0x84 arch/arm64/common/built-in.lib
 .text.mmu_deinit_translation_table
                0x0000000000000000       0x84 arch/arm64/common/built-in.lib
 .text.mmu_unmap
                0x0000000000000000       0xe8 arch/arm64/common/built-in.lib
 .text.mmu_change_attributes
                0x0000000000000000      0x134 arch/arm64/common/built-in.lib
 .text.mmu_lookup_page
                0x0000000000000000      0x220 arch/arm64/common/built-in.lib
 .text.mmu_walk_translation_tables
                0x0000000000000000       0xa0 arch/arm64/common/built-in.lib
 .text.mmu_invalidate_tlb_asid
                0x0000000000000000       0xa0 arch/arm64/common/built-in.lib
 .text.mmu_get_current_el
                0x0000000000000000        0xc arch/arm64/common/built-in.lib
 .text.mmu_get_tcr_cache_attr
                0x0000000000000000       0x18 arch/arm64/common/built-in.lib
 .text.mmu_get_tcr_output_size_encoding
                0x0000000000000000       0x9c arch/arm64/common/built-in.lib
 .text.mmu_set_table_address
                0x0000000000000000       0x88 arch/arm64/common/built-in.lib
 .text.mmu_cache_attribute_to_mair
                0x0000000000000000       0x50 arch/arm64/common/built-in.lib
 .text.mmu_create_translation_table
                0x0000000000000000       0x1c arch/arm64/common/built-in.lib
 .text.mmu_determine_block_level
                0x0000000000000000       0x68 arch/arm64/common/built-in.lib
 .text.mmu_lock_deinit
                0x0000000000000000        0x8 arch/arm64/common/built-in.lib
 .text.register_exception_handler
                0x0000000000000000       0x18 arch/arm64/common/built-in.lib
 .text.get_midr
                0x0000000000000000       0x10 arch/arm64/common/built-in.lib
 .text.__systick_read
                0x0000000000000000        0x8 arch/arm64/common/built-in.lib
 .text.__systick_unmask_irq
                0x0000000000000000       0x14 arch/arm64/common/built-in.lib
 .data          0x0000000000000000        0x0 arch/arm64/common/built-in.lib
 .bss           0x0000000000000000        0x0 arch/arm64/common/built-in.lib
 .text.flush_dcache_range
                0x0000000000000000       0x34 arch/arm64/lib/built-in.lib
 .text.clean_dcache_range
                0x0000000000000000       0x34 arch/arm64/lib/built-in.lib
 .text.inv_dcache_range
                0x0000000000000000       0x34 arch/arm64/lib/built-in.lib
 .text.do_dcsw_op
                0x0000000000000000       0xdc arch/arm64/lib/built-in.lib
 .text.dcsw_op_louis
                0x0000000000000000       0x14 arch/arm64/lib/built-in.lib
 .text.dcsw_op_all
                0x0000000000000000       0x14 arch/arm64/lib/built-in.lib
 .text.dcsw_op_level1
                0x0000000000000000       0x10 arch/arm64/lib/built-in.lib
 .text.dcsw_op_level2
                0x0000000000000000       0x10 arch/arm64/lib/built-in.lib
 .text.dcsw_op_level3
                0x0000000000000000       0x10 arch/arm64/lib/built-in.lib
 .data          0x0000000000000000        0x0 arch/arm64/lib/built-in.lib
 .bss           0x0000000000000000        0x0 arch/arm64/lib/built-in.lib
 .text          0x0000000000000000        0x0 arch/arm64/psci/built-in.lib
 .text.psci_version
                0x0000000000000000        0x8 arch/arm64/psci/built-in.lib
 .text.psci_feature
                0x0000000000000000        0x8 arch/arm64/psci/built-in.lib
 .text.psci_migrate_info_type
                0x0000000000000000        0x8 arch/arm64/psci/built-in.lib
 .data          0x0000000000000000        0x0 arch/arm64/psci/built-in.lib
 .bss           0x0000000000000000        0x0 arch/arm64/psci/built-in.lib
 .text          0x0000000000000000        0x0 lib/built-in.lib
 .text.seed     0x0000000000000000       0x50 lib/built-in.lib
 .text.rand_u32
                0x0000000000000000      0x338 lib/built-in.lib
 .text.get_random_sw
                0x0000000000000000       0xd8 lib/built-in.lib
 .text.rand     0x0000000000000000       0x14 lib/built-in.lib
 .text.srand    0x0000000000000000       0x50 lib/built-in.lib
 .text.__memset
                0x0000000000000000       0x20 lib/built-in.lib
 .text.memscpy  0x0000000000000000       0x2c lib/built-in.lib
 .text.strncasecmp
                0x0000000000000000       0x94 lib/built-in.lib
 .text.strcasecmp
                0x0000000000000000        0x8 lib/built-in.lib
 .text.strncpy  0x0000000000000000       0x24 lib/built-in.lib
 .text.strchrnul
                0x0000000000000000       0x2c lib/built-in.lib
 .text.strstr   0x0000000000000000       0xac lib/built-in.lib
 .text.strspn   0x0000000000000000       0x50 lib/built-in.lib
 .text.fprintf  0x0000000000000000       0x7c lib/built-in.lib
 .text.strtol   0x0000000000000000       0x28 lib/built-in.lib
 .text.vsprintf
                0x0000000000000000       0x30 lib/built-in.lib
 .text.snprintf
                0x0000000000000000       0x78 lib/built-in.lib
 .text.sprintf  0x0000000000000000       0x80 lib/built-in.lib
 .text.bl_init_list
                0x0000000000000000       0x54 lib/built-in.lib
 .text.bl_init_list_empty
                0x0000000000000000       0x14 lib/built-in.lib
 .text.bl_add_to_list
                0x0000000000000000       0x40 lib/built-in.lib
 .text.bl_copy_list
                0x0000000000000000       0x50 lib/built-in.lib
 .text.bl_get_next_entry
                0x0000000000000000       0x40 lib/built-in.lib
 .text.bl_scan_complete
                0x0000000000000000       0x18 lib/built-in.lib
 .text.bl_get_num_entries
                0x0000000000000000        0x8 lib/built-in.lib
 .text.bl_scan_reset
                0x0000000000000000       0x14 lib/built-in.lib
 .text.fabsf    0x0000000000000000        0xc lib/built-in.lib
 .text.strlcat  0x0000000000000000       0x6c lib/built-in.lib
 .text.strlcpy  0x0000000000000000      0x12c lib/built-in.lib
 .rodata.MATRIX.3522
                0x0000000000000000        0x8 lib/built-in.lib
 .data          0x0000000000000000        0x0 lib/built-in.lib
 .bss           0x0000000000000000        0x0 lib/built-in.lib
 .bss.MT        0x0000000000000000      0x9c0 lib/built-in.lib
 .bss.index     0x0000000000000000        0x4 lib/built-in.lib
 .bss.is_rand_initialized
                0x0000000000000000        0x1 lib/built-in.lib
 .text          0x0000000000000000        0x0 drivers/built-in.lib
 .text.do_IRQ   0x0000000000000000      0x120 drivers/built-in.lib
 .text.irqc_register
                0x0000000000000000       0x28 drivers/built-in.lib
 .text.irqc_disable_irq
                0x0000000000000000       0x18 drivers/built-in.lib
 .text.irqc_clear_irq
                0x0000000000000000       0x18 drivers/built-in.lib
 .text.irqc_trigger_irq
                0x0000000000000000       0x18 drivers/built-in.lib
 .text.udelay   0x0000000000000000       0x2c drivers/built-in.lib
 .text.get_timer
                0x0000000000000000       0x34 drivers/built-in.lib
 .text.timer_get_us
                0x0000000000000000        0x4 drivers/built-in.lib
 .text.timer_register
                0x0000000000000000       0x88 drivers/built-in.lib
 .text.timer_clear
                0x0000000000000000       0x50 drivers/built-in.lib
 .text.timer_poll
                0x0000000000000000       0x24 drivers/built-in.lib
 .text.console_handle_irq
                0x0000000000000000       0x30 drivers/built-in.lib
 .text.hweight64
                0x0000000000000000       0x38 drivers/built-in.lib
 .text.gcd32u   0x0000000000000000       0x30 drivers/built-in.lib
 .text.__roundup32
                0x0000000000000000       0x70 drivers/built-in.lib
 .text.cpu_raise_event
                0x0000000000000000       0x48 drivers/built-in.lib
 .text.__cpu_local_init
                0x0000000000000000       0xf8 drivers/built-in.lib
 .text.cpu_local_timer_handler
                0x0000000000000000        0x8 drivers/built-in.lib
 .text.cpu_remote_poll
                0x0000000000000000       0x90 drivers/built-in.lib
 .text.cpu_get_percpu_area
                0x0000000000000000       0x88 drivers/built-in.lib
 .text.cpu_reset_timeout
                0x0000000000000000       0x40 drivers/built-in.lib
 .text.cpu_remote_timer_handler
                0x0000000000000000       0x60 drivers/built-in.lib
 .text.cpu_remote_power_on_async
                0x0000000000000000       0xb8 drivers/built-in.lib
 .text.__cpus_sync.isra.1
                0x0000000000000000      0x150 drivers/built-in.lib
 .text.cpu_remote_enter_state
                0x0000000000000000       0xf8 drivers/built-in.lib
 .text.cpu_remote_dsr_handler
                0x0000000000000000      0x178 drivers/built-in.lib
 .text.cpu_local_poll
                0x0000000000000000       0x38 drivers/built-in.lib
 .text.cpu_local_dsr_handler
                0x0000000000000000      0x230 drivers/built-in.lib
 .text.cpu_local_init
                0x0000000000000000       0x78 drivers/built-in.lib
 .text._get_cpu_mask
                0x0000000000000000        0x8 drivers/built-in.lib
 .text.cpu_remote_boot
                0x0000000000000000       0xe0 drivers/built-in.lib
 .text.cpu_remote_boot_async
                0x0000000000000000       0x98 drivers/built-in.lib
 .text.cpu_get_remote_result
                0x0000000000000000       0x18 drivers/built-in.lib
 .text.cpu_remote_cold_boot_async
                0x0000000000000000       0x88 drivers/built-in.lib
 .text.cpu_remote_cold_boot
                0x0000000000000000       0x24 drivers/built-in.lib
 .text.cpu_local_exec
                0x0000000000000000      0x358 drivers/built-in.lib
 .text.cpu_exec_find
                0x0000000000000000       0xb0 drivers/built-in.lib
 .text.cpu_local_get_cpu_mask
                0x0000000000000000       0x18 drivers/built-in.lib
 .text.cpu_local_didt
                0x0000000000000000      0x158 drivers/built-in.lib
 .text.cpu_remote_init
                0x0000000000000000       0x70 drivers/built-in.lib
 .text.percpu_get_free_area
                0x0000000000000000        0x8 drivers/built-in.lib
 .text.readline_sync
                0x0000000000000000        0x8 drivers/built-in.lib
 .text.readline
                0x0000000000000000       0x20 drivers/built-in.lib
 .text.cmd_get_data_size
                0x0000000000000000       0x38 drivers/built-in.lib
 .text.heap_alloc
                0x0000000000000000        0xc drivers/built-in.lib
 .text.gic600_pwr_on
                0x0000000000000000       0x14 drivers/built-in.lib
 .text.uart_console_select
                0x0000000000000000       0x30 drivers/built-in.lib
 .text.fdt_first_subnode
                0x0000000000000000       0x30 drivers/built-in.lib
 .text.fdt_next_subnode
                0x0000000000000000       0x64 drivers/built-in.lib
 .text.fdt_find_and_setprop
                0x0000000000000000       0x90 drivers/built-in.lib
 .text.fdt_subnode_offset
                0x0000000000000000       0x38 drivers/built-in.lib
 .text.fdt_get_property_by_offset
                0x0000000000000000       0x40 drivers/built-in.lib
 .text.fdt_getprop_by_offset
                0x0000000000000000       0xf8 drivers/built-in.lib
 .text.fdt_get_phandle
                0x0000000000000000       0xb0 drivers/built-in.lib
 .text.fdt_get_max_phandle
                0x0000000000000000       0x8c drivers/built-in.lib
 .text.fdt_get_alias
                0x0000000000000000       0x30 drivers/built-in.lib
 .text.fdt_get_path
                0x0000000000000000      0x1d8 drivers/built-in.lib
 .text.fdt_supernode_atdepth_offset
                0x0000000000000000       0xcc drivers/built-in.lib
 .text.fdt_node_depth
                0x0000000000000000       0x2c drivers/built-in.lib
 .text.fdt_parent_offset
                0x0000000000000000       0x60 drivers/built-in.lib
 .text.fdt_node_offset_by_prop_value
                0x0000000000000000       0xc4 drivers/built-in.lib
 .text.fdt_node_offset_by_phandle
                0x0000000000000000       0x94 drivers/built-in.lib
 .text.fdt_stringlist_contains
                0x0000000000000000       0xc0 drivers/built-in.lib
 .text.fdt_stringlist_count
                0x0000000000000000       0x94 drivers/built-in.lib
 .text.fdt_stringlist_search
                0x0000000000000000      0x10c drivers/built-in.lib
 .text.fdt_stringlist_get
                0x0000000000000000      0x11c drivers/built-in.lib
 .text.fdt_node_check_compatible
                0x0000000000000000       0x50 drivers/built-in.lib
 .text.fdt_node_offset_by_compatible
                0x0000000000000000       0x98 drivers/built-in.lib
 .text.fdt_setprop_inplace_namelen_partial
                0x0000000000000000       0x68 drivers/built-in.lib
 .text.fdt_setprop_inplace
                0x0000000000000000       0x98 drivers/built-in.lib
 .text.fdt_nop_property
                0x0000000000000000       0x4c drivers/built-in.lib
 .text.fdt_node_end_offset_
                0x0000000000000000       0x40 drivers/built-in.lib
 .text.fdt_nop_node
                0x0000000000000000       0x60 drivers/built-in.lib
 .text.fdt_grab_space_
                0x0000000000000000       0xc0 drivers/built-in.lib
 .text.fdt_create
                0x0000000000000000       0x7c drivers/built-in.lib
 .text.fdt_resize
                0x0000000000000000      0x16c drivers/built-in.lib
 .text.fdt_add_reservemap_entry
                0x0000000000000000       0xe4 drivers/built-in.lib
 .text.fdt_finish_reservemap
                0x0000000000000000        0xc drivers/built-in.lib
 .text.fdt_begin_node
                0x0000000000000000       0x9c drivers/built-in.lib
 .text.fdt_end_node
                0x0000000000000000       0x68 drivers/built-in.lib
 .text.fdt_property_placeholder
                0x0000000000000000      0x218 drivers/built-in.lib
 .text.fdt_property
                0x0000000000000000       0x44 drivers/built-in.lib
 .text.fdt_finish
                0x0000000000000000      0x21c drivers/built-in.lib
 .text.fdt_set_name
                0x0000000000000000       0xc0 drivers/built-in.lib
 .text.fdt_appendprop
                0x0000000000000000      0x10c drivers/built-in.lib
 .text.fdt_delprop
                0x0000000000000000       0x7c drivers/built-in.lib
 .text.fdt_del_node
                0x0000000000000000       0x74 drivers/built-in.lib
 .text.fdt_pack
                0x0000000000000000       0xb0 drivers/built-in.lib
 .text.fdt_create_empty_tree
                0x0000000000000000       0x78 drivers/built-in.lib
 .text.fdt_size_cells
                0x0000000000000000       0x70 drivers/built-in.lib
 .text.overlay_phandle_add_offset
                0x0000000000000000       0xb4 drivers/built-in.lib
 .text.overlay_adjust_node_phandles
                0x0000000000000000       0xb0 drivers/built-in.lib
 .text.overlay_update_local_node_references
                0x0000000000000000      0x260 drivers/built-in.lib
 .text.overlay_get_target
                0x0000000000000000      0x110 drivers/built-in.lib
 .text.overlay_apply_node
                0x0000000000000000      0x148 drivers/built-in.lib
 .text.fdt_overlay_apply
                0x0000000000000000      0x788 drivers/built-in.lib
 .text.d71_dump
                0x0000000000000000      0x118 drivers/built-in.lib
 .text.vc8000e_start
                0x0000000000000000        0x8 drivers/built-in.lib
 .text.vc8000d_start
                0x0000000000000000        0x8 drivers/built-in.lib
 .rodata.do_IRQ.str1.8
                0x0000000000000000       0x37 drivers/built-in.lib
 .rodata.__cpus_sync.isra.1.str1.8
                0x0000000000000000        0xd drivers/built-in.lib
 .rodata.cpu_local_didt.str1.8
                0x0000000000000000       0x1d drivers/built-in.lib
 .rodata.cpu_local_exec.str1.8
                0x0000000000000000       0x12 drivers/built-in.lib
 .rodata.fdt_get_phandle.str1.8
                0x0000000000000000       0x16 drivers/built-in.lib
 .rodata.fdt_node_check_compatible.str1.8
                0x0000000000000000        0xb drivers/built-in.lib
 .rodata.fdt_create_empty_tree.str1.8
                0x0000000000000000        0x1 drivers/built-in.lib
 .rodata.fdt_size_cells.str1.8
                0x0000000000000000        0xc drivers/built-in.lib
 .rodata.fdt_overlay_apply.str1.8
                0x0000000000000000       0x66 drivers/built-in.lib
 .rodata.overlay_adjust_node_phandles.str1.8
                0x0000000000000000       0x16 drivers/built-in.lib
 .rodata.overlay_get_target.str1.8
                0x0000000000000000       0x14 drivers/built-in.lib
 .rodata.d71_dump.str1.8
                0x0000000000000000      0x154 drivers/built-in.lib
 .data          0x0000000000000000        0x0 drivers/built-in.lib
 .bss           0x0000000000000000        0x0 drivers/built-in.lib
 .bss.cpu_async_completion
                0x0000000000000000        0x8 drivers/built-in.lib
 .bss.cpu_busy  0x0000000000000000       0x40 drivers/built-in.lib
 .bss.cpu_ctxs  0x0000000000000000      0x400 drivers/built-in.lib
 .bss.cpu_didt_area
                0x0000000000000000        0x8 drivers/built-in.lib
 .bss.cpu_didt_cpu_mask
                0x0000000000000000        0x8 drivers/built-in.lib
 .bss.cpu_didt_refcnt
                0x0000000000000000        0x1 drivers/built-in.lib
 .bss.cpu_entries
                0x0000000000000000       0x40 drivers/built-in.lib
 .bss.cpu_exec_good
                0x0000000000000000        0x8 drivers/built-in.lib
 .bss.cpu_exec_refcnt
                0x0000000000000000        0x1 drivers/built-in.lib
 .bss.cpu_exec_state
                0x0000000000000000        0x8 drivers/built-in.lib
 .bss.cpu_exec_sync
                0x0000000000000000        0x8 drivers/built-in.lib
 .bss.cpu_exec_test_id
                0x0000000000000000        0x4 drivers/built-in.lib
 .bss.cpu_powered
                0x0000000000000000        0x8 drivers/built-in.lib
 .bss.cpu_results
                0x0000000000000000       0x40 drivers/built-in.lib
 .bss.cpu_states
                0x0000000000000000       0x40 drivers/built-in.lib
 .bss.cpus_mode
                0x0000000000000000        0x8 drivers/built-in.lib
 .text          0x0000000000000000        0x0 arch/arm64/mach-se1000/built-in.lib
 .text.mpm_global_counter_enable
                0x0000000000000000        0x4 arch/arm64/mach-se1000/built-in.lib
 .data          0x0000000000000000        0x0 arch/arm64/mach-se1000/built-in.lib
 .bss           0x0000000000000000        0x0 arch/arm64/mach-se1000/built-in.lib

記憶體配置

名稱           來源             長度             屬性
*default*        0x0000000000000000 0xffffffffffffffff

鏈結器命令稿和記憶體對映

                0x0000000000010000                . = 0x10000
                0x0000000000010000                __stext = .

.head.text      0x0000000000010000      0xfe0
 *(.head.text .head.text.*)
 .head.text     0x0000000000010000      0xfe0 arch/arm64/common/head.o
                0x0000000000010000                __pi__start
                0x0000000000010000                _start
                0x00000000000100e0                smc_psci
                0x0000000000010800                vectors

.text           0x0000000000011000     0xb680
 *(.init.text .init.text.*)
 *(.text .text.*)
 .text          0x0000000000011000      0x408 init/built-in.lib
                0x0000000000011000                __asm_invalidate_icache_all
                0x000000000001100c                __asm_dcache_level
                0x0000000000011070                __asm_dcache_all
                0x00000000000110d0                __asm_flush_dcache_all
                0x00000000000110d8                __asm_invalidate_dcache_all
                0x00000000000110e0                armv8_switch_to_el1
                0x0000000000011184                armv8_switch_to_el2
                0x0000000000011210                secondary_cpu_switch_to_el2
                0x0000000000011270                _secondary_cpu_switch_to_el1
                0x00000000000112f4                secondary_cpu_switch_to_el1
                0x0000000000011358                disable_mmu_flush_dcache
 *fill*         0x0000000000011408        0x8 
 .text.entry    0x0000000000011410      0x160 init/built-in.lib
                0x0000000000011410                entry
 .text.secondary_entry
                0x0000000000011570       0x40 init/built-in.lib
                0x0000000000011570                secondary_entry
 .text.dcache_disable
                0x00000000000115b0       0x38 init/built-in.lib
                0x00000000000115b0                dcache_disable
 *fill*         0x00000000000115e8        0x8 
 .text.dcache_enable
                0x00000000000115f0       0x88 init/built-in.lib
                0x00000000000115f0                dcache_enable
 *fill*         0x0000000000011678        0x8 
 .text.do_cache
                0x0000000000011680      0x128 init/built-in.lib
 *fill*         0x00000000000117a8        0x8 
 .text.cleanup_before_linux
                0x00000000000117b0       0x24 init/built-in.lib
                0x00000000000117b0                cleanup_before_linux
 *fill*         0x00000000000117d4        0xc 
 .text.boot_jump_linux
                0x00000000000117e0       0x74 init/built-in.lib
                0x00000000000117e0                boot_jump_linux
 *fill*         0x0000000000011854        0xc 
 .text.check_secondary_entry
                0x0000000000011860       0x48 init/built-in.lib
                0x0000000000011860                check_secondary_entry
 *fill*         0x00000000000118a8        0x8 
 .text.mmu_get_tcr_cache_attr.part.0
                0x00000000000118b0       0xec arch/arm64/common/built-in.lib
 *fill*         0x000000000001199c        0x4 
 .text.mmu_initialize
                0x00000000000119a0       0x7c arch/arm64/common/built-in.lib
                0x00000000000119a0                mmu_initialize
 *fill*         0x0000000000011a1c        0x4 
 .text.mmu_enable
                0x0000000000011a20       0x80 arch/arm64/common/built-in.lib
                0x0000000000011a20                mmu_enable
 .text.mmu_map  0x0000000000011aa0      0x11c arch/arm64/common/built-in.lib
                0x0000000000011aa0                mmu_map
 *fill*         0x0000000000011bbc        0x4 
 .text.mmu_invalidate_tlb_all
                0x0000000000011bc0      0x108 arch/arm64/common/built-in.lib
                0x0000000000011bc0                mmu_invalidate_tlb_all
 *fill*         0x0000000000011cc8        0x8 
 .text.mmu_invalidate_tlb_va
                0x0000000000011cd0      0x11c arch/arm64/common/built-in.lib
                0x0000000000011cd0                mmu_invalidate_tlb_va
 *fill*         0x0000000000011dec        0x4 
 .text.mmu_validate_page_table_attributes
                0x0000000000011df0       0xa8 arch/arm64/common/built-in.lib
                0x0000000000011df0                mmu_validate_page_table_attributes
 *fill*         0x0000000000011e98        0x8 
 .text.mmu_switch_tables
                0x0000000000011ea0      0x404 arch/arm64/common/built-in.lib
                0x0000000000011ea0                mmu_switch_tables
 *fill*         0x00000000000122a4        0xc 
 .text.mmu_initialize_translation_table
                0x00000000000122b0      0x150 arch/arm64/common/built-in.lib
                0x00000000000122b0                mmu_initialize_translation_table
 .text.mmu_create_translation_table.part.1
                0x0000000000012400      0x168 arch/arm64/common/built-in.lib
 *fill*         0x0000000000012568        0x8 
 .text.mmu_get_table_address
                0x0000000000012570       0x78 arch/arm64/common/built-in.lib
                0x0000000000012570                mmu_get_table_address
 *fill*         0x00000000000125e8        0x8 
 .text.mmu_get_block_address
                0x00000000000125f0      0x118 arch/arm64/common/built-in.lib
                0x00000000000125f0                mmu_get_block_address
 *fill*         0x0000000000012708        0x8 
 .text.mmu_set_block_address
                0x0000000000012710      0x188 arch/arm64/common/built-in.lib
                0x0000000000012710                mmu_set_block_address
 *fill*         0x0000000000012898        0x8 
 .text.mmu_encode_block_permissions
                0x00000000000128a0      0x190 arch/arm64/common/built-in.lib
                0x00000000000128a0                mmu_encode_block_permissions
 .text.mmu_free_translation_table
                0x0000000000012a30       0x20 arch/arm64/common/built-in.lib
                0x0000000000012a30                mmu_free_translation_table
 .text.mmu_free_translation_table.part.2
                0x0000000000012a50      0x198 arch/arm64/common/built-in.lib
 *fill*         0x0000000000012be8        0x8 
 .text.mmu_split_block_descriptor
                0x0000000000012bf0      0x108 arch/arm64/common/built-in.lib
                0x0000000000012bf0                mmu_split_block_descriptor
 *fill*         0x0000000000012cf8        0x8 
 .text.mmu_apply_action
                0x0000000000012d00      0x518 arch/arm64/common/built-in.lib
                0x0000000000012d00                mmu_apply_action
 *fill*         0x0000000000013218        0x8 
 .text.mmu_modify_translation_tables
                0x0000000000013220      0x270 arch/arm64/common/built-in.lib
                0x0000000000013220                mmu_modify_translation_tables
 .text.mmu_init
                0x0000000000013490      0x318 arch/arm64/common/built-in.lib
                0x0000000000013490                mmu_init
 *fill*         0x00000000000137a8        0x8 
 .text.mmu_free_aligned
                0x00000000000137b0        0x4 arch/arm64/common/built-in.lib
                0x00000000000137b0                mmu_free_aligned
 *fill*         0x00000000000137b4        0xc 
 .text.mmu_get_physical_address
                0x00000000000137c0        0x4 arch/arm64/common/built-in.lib
                0x00000000000137c0                mmu_get_physical_address
 *fill*         0x00000000000137c4        0xc 
 .text.mmu_get_virtual_address
                0x00000000000137d0        0x4 arch/arm64/common/built-in.lib
                0x00000000000137d0                mmu_get_virtual_address
 *fill*         0x00000000000137d4        0xc 
 .text.mmu_lock_initialize
                0x00000000000137e0        0x8 arch/arm64/common/built-in.lib
                0x00000000000137e0                mmu_lock_initialize
 *fill*         0x00000000000137e8        0x8 
 .text.mmu_lock
                0x00000000000137f0        0x8 arch/arm64/common/built-in.lib
                0x00000000000137f0                mmu_lock
 *fill*         0x00000000000137f8        0x8 
 .text.mmu_unlock
                0x0000000000013800        0x8 arch/arm64/common/built-in.lib
                0x0000000000013800                mmu_unlock
 *fill*         0x0000000000013808        0x8 
 .text.mmu_log  0x0000000000013810       0x84 arch/arm64/common/built-in.lib
                0x0000000000013810                mmu_log
 *fill*         0x0000000000013894        0xc 
 .text.mmu_allocate_aligned
                0x00000000000138a0       0x48 arch/arm64/common/built-in.lib
                0x00000000000138a0                mmu_allocate_aligned
 *fill*         0x00000000000138e8        0x8 
 .text.dump_ccsidr
                0x00000000000138f0       0x48 arch/arm64/common/built-in.lib
 *fill*         0x0000000000013938        0x8 
 .text.cmd_cacheinfo
                0x0000000000013940      0x188 arch/arm64/common/built-in.lib
                0x0000000000013940                cmd_cacheinfo
 *fill*         0x0000000000013ac8        0x8 
 .text.bad_mode
                0x0000000000013ad0      0x148 arch/arm64/common/built-in.lib
                0x0000000000013ad0                bad_mode
 *fill*         0x0000000000013c18        0x8 
 .text.do_irq   0x0000000000013c20        0x4 arch/arm64/common/built-in.lib
                0x0000000000013c20                do_irq
 *fill*         0x0000000000013c24        0xc 
 .text.std_svc_handler
                0x0000000000013c30       0x14 arch/arm64/common/built-in.lib
                0x0000000000013c30                std_svc_handler
 *fill*         0x0000000000013c44        0xc 
 .text.__systick_mask_irq
                0x0000000000013c50       0x10 arch/arm64/common/built-in.lib
                0x0000000000013c50                __systick_mask_irq
 .text.__systick_init_counter
                0x0000000000013c60       0x34 arch/arm64/common/built-in.lib
                0x0000000000013c60                __systick_init_counter
 *fill*         0x0000000000013c94        0xc 
 .text.tsc_hw_read_counter
                0x0000000000013ca0       0x24 arch/arm64/common/built-in.lib
                0x0000000000013ca0                tsc_hw_read_counter
 *fill*         0x0000000000013cc4        0xc 
 .text.__systick_init_timer
                0x0000000000013cd0       0x20 arch/arm64/common/built-in.lib
                0x0000000000013cd0                __systick_init_timer
 .text.gpt_hw_irq_poll
                0x0000000000013cf0       0x20 arch/arm64/common/built-in.lib
                0x0000000000013cf0                gpt_hw_irq_poll
 .text.gpt_hw_oneshot_timeout
                0x0000000000013d10       0x20 arch/arm64/common/built-in.lib
                0x0000000000013d10                gpt_hw_oneshot_timeout
 *fill*         0x0000000000013d30       0x10 
 .text          0x0000000000013d40      0x8e0 arch/arm64/lib/built-in.lib
                0x0000000000013d40                memcmp
                0x0000000000013e40                memmove
                0x0000000000014180                memset
                0x0000000000014280                strcmp
                0x0000000000014340                strlen
                0x000000000001441c                strncmp
                0x0000000000014564                strnlen
 .text.std_svc_smc_handler
                0x0000000000014620       0x48 arch/arm64/psci/built-in.lib
                0x0000000000014620                std_svc_smc_handler
 *fill*         0x0000000000014668        0x8 
 .text.do_psci  0x0000000000014670       0x78 arch/arm64/psci/built-in.lib
 *fill*         0x00000000000146e8        0x8 
 .text.psci_smc_handler
                0x00000000000146f0      0x120 arch/arm64/psci/built-in.lib
                0x00000000000146f0                psci_smc_handler
 .text.memcpy   0x0000000000014810       0x20 lib/built-in.lib
                0x0000000000014810                memcpy
 .text.memchr   0x0000000000014830       0x30 lib/built-in.lib
                0x0000000000014830                memchr
 .text.strchr   0x0000000000014860       0x2c lib/built-in.lib
                0x0000000000014860                strchr
 *fill*         0x000000000001488c        0x4 
 .text.strrchr  0x0000000000014890       0x54 lib/built-in.lib
                0x0000000000014890                strrchr
 *fill*         0x00000000000148e4        0xc 
 .text.strcspn  0x00000000000148f0       0x50 lib/built-in.lib
                0x00000000000148f0                strcspn
 .text.strcat   0x0000000000014940       0x34 lib/built-in.lib
                0x0000000000014940                strcat
 *fill*         0x0000000000014974        0xc 
 .text.puts     0x0000000000014980       0x88 lib/built-in.lib
                0x0000000000014980                puts
 *fill*         0x0000000000014a08        0x8 
 .text.vprintf  0x0000000000014a10       0x80 lib/built-in.lib
                0x0000000000014a10                vprintf
 .text.printf   0x0000000000014a90       0x7c lib/built-in.lib
                0x0000000000014a90                printf
 *fill*         0x0000000000014b0c        0x4 
 .text.__stack_chk_fail
                0x0000000000014b10       0x10 lib/built-in.lib
                0x0000000000014b10                __stack_chk_fail
 .text.strcpy   0x0000000000014b20       0x1c lib/built-in.lib
                0x0000000000014b20                strcpy
 *fill*         0x0000000000014b3c        0x4 
 .text.strtoul  0x0000000000014b40      0x208 lib/built-in.lib
                0x0000000000014b40                strtoul
 *fill*         0x0000000000014d48        0x8 
 .text.strtoull
                0x0000000000014d50      0x208 lib/built-in.lib
                0x0000000000014d50                strtoull
 *fill*         0x0000000000014f58        0x8 
 .text.format_number
                0x0000000000014f60      0x2e8 lib/built-in.lib
 *fill*         0x0000000000015248        0x8 
 .text.vsnprintf
                0x0000000000015250     0x1030 lib/built-in.lib
                0x0000000000015250                vsnprintf
 .text.dsr_schedule
                0x0000000000016280       0x40 drivers/built-in.lib
                0x0000000000016280                dsr_schedule
 .text.dsr_register
                0x00000000000162c0       0x70 drivers/built-in.lib
                0x00000000000162c0                dsr_register
 .text.dsr_run_once
                0x0000000000016330      0x168 drivers/built-in.lib
                0x0000000000016330                dsr_run_once
 *fill*         0x0000000000016498        0x8 
 .text.dsr_loop
                0x00000000000164a0       0x14 drivers/built-in.lib
                0x00000000000164a0                dsr_loop
 *fill*         0x00000000000164b4        0xc 
 .text.irq_lock_irq
                0x00000000000164c0        0x4 drivers/built-in.lib
                0x00000000000164c0                irq_lock_irq
 *fill*         0x00000000000164c4        0xc 
 .text.irq_unlock_irq
                0x00000000000164d0        0x4 drivers/built-in.lib
                0x00000000000164d0                irq_unlock_irq
 *fill*         0x00000000000164d4        0xc 
 .text.irq_register_vector
                0x00000000000164e0      0x100 drivers/built-in.lib
                0x00000000000164e0                irq_register_vector
 .text.irq_init
                0x00000000000165e0       0x18 drivers/built-in.lib
                0x00000000000165e0                irq_init
 *fill*         0x00000000000165f8        0x8 
 .text.irqc_enable_irq
                0x0000000000016600       0x18 drivers/built-in.lib
                0x0000000000016600                irqc_enable_irq
 *fill*         0x0000000000016618        0x8 
 .text.irqc_configure_irq
                0x0000000000016620       0x48 drivers/built-in.lib
                0x0000000000016620                irqc_configure_irq
 *fill*         0x0000000000016668        0x8 
 .text.irqc_handle_irq
                0x0000000000016670        0x4 drivers/built-in.lib
                0x0000000000016670                irqc_handle_irq
 *fill*         0x0000000000016674        0xc 
 .text.irqc_init
                0x0000000000016680        0x4 drivers/built-in.lib
                0x0000000000016680                irqc_init
 *fill*         0x0000000000016684        0xc 
 .text.__timer_clear
                0x0000000000016690       0x90 drivers/built-in.lib
 .text.timer_raise_event
                0x0000000000016720       0x48 drivers/built-in.lib
                0x0000000000016720                timer_raise_event
 *fill*         0x0000000000016768        0x8 
 .text.tick_init
                0x0000000000016770       0x14 drivers/built-in.lib
                0x0000000000016770                tick_init
 *fill*         0x0000000000016784        0xc 
 .text.time_get_current_time
                0x0000000000016790        0x4 drivers/built-in.lib
                0x0000000000016790                time_get_current_time
 *fill*         0x0000000000016794        0xc 
 .text.timer_set
                0x00000000000167a0      0x270 drivers/built-in.lib
                0x00000000000167a0                timer_set
 .text.test_timer
                0x0000000000016a10       0xc0 drivers/built-in.lib
 .text.test_timer_handler
                0x0000000000016ad0       0x38 drivers/built-in.lib
 *fill*         0x0000000000016b08        0x8 
 .text.timer_handle_interrupt
                0x0000000000016b10      0x108 drivers/built-in.lib
                0x0000000000016b10                timer_handle_interrupt
 *fill*         0x0000000000016c18        0x8 
 .text.timer_dsr_handler
                0x0000000000016c20      0x110 drivers/built-in.lib
                0x0000000000016c20                timer_dsr_handler
 .text.timer_init
                0x0000000000016d30       0x68 drivers/built-in.lib
                0x0000000000016d30                timer_init
 *fill*         0x0000000000016d98        0x8 
 .text.console_dsr_handler
                0x0000000000016da0       0x88 drivers/built-in.lib
 *fill*         0x0000000000016e28        0x8 
 .text.console_early_init
                0x0000000000016e30       0x14 drivers/built-in.lib
                0x0000000000016e30                console_early_init
 *fill*         0x0000000000016e44        0xc 
 .text.console_late_init
                0x0000000000016e50       0x40 drivers/built-in.lib
                0x0000000000016e50                console_late_init
 .text.putchar  0x0000000000016e90       0x18 drivers/built-in.lib
                0x0000000000016e90                putchar
 *fill*         0x0000000000016ea8        0x8 
 .text.getchar  0x0000000000016eb0       0x14 drivers/built-in.lib
                0x0000000000016eb0                getchar
 *fill*         0x0000000000016ec4        0xc 
 .text.percpu_init
                0x0000000000016ed0        0x8 drivers/built-in.lib
                0x0000000000016ed0                percpu_init
 *fill*         0x0000000000016ed8        0x8 
 .text.cread_add_char.constprop.1
                0x0000000000016ee0       0xe0 drivers/built-in.lib
 .text.readline_mode
                0x0000000000016fc0      0x848 drivers/built-in.lib
 *fill*         0x0000000000017808        0x8 
 .text.readline_async
                0x0000000000017810        0x8 drivers/built-in.lib
                0x0000000000017810                readline_async
 *fill*         0x0000000000017818        0x8 
 .text.readline_register_handler
                0x0000000000017820       0x28 drivers/built-in.lib
                0x0000000000017820                readline_register_handler
 *fill*         0x0000000000017848        0x8 
 .text.readline_init
                0x0000000000017850       0xe0 drivers/built-in.lib
                0x0000000000017850                readline_init
 .text.do_mem_write
                0x0000000000017930      0x138 drivers/built-in.lib
 *fill*         0x0000000000017a68        0x8 
 .text.do_rr_rw
                0x0000000000017a70      0x288 drivers/built-in.lib
 *fill*         0x0000000000017cf8        0x8 
 .text.do_echo  0x0000000000017d00       0xc0 drivers/built-in.lib
 .text.cmd_help.part.1
                0x0000000000017dc0       0x80 drivers/built-in.lib
 .text.cmd_help
                0x0000000000017e40       0xe0 drivers/built-in.lib
                0x0000000000017e40                cmd_help
 .text.do_help  0x0000000000017f20       0x5c drivers/built-in.lib
 *fill*         0x0000000000017f7c        0x4 
 .text.cmd_console_handler
                0x0000000000017f80      0x2c0 drivers/built-in.lib
                0x0000000000017f80                cmd_console_handler
 .text.print_buffer
                0x0000000000018240      0x268 drivers/built-in.lib
                0x0000000000018240                print_buffer
 *fill*         0x00000000000184a8        0x8 
 .text.do_mem_display
                0x00000000000184b0       0xe0 drivers/built-in.lib
 .text.cmd_init
                0x0000000000018590       0x30 drivers/built-in.lib
                0x0000000000018590                cmd_init
 .text.do_mem_test
                0x00000000000185c0      0x728 drivers/built-in.lib
 *fill*         0x0000000000018ce8        0x8 
 .text.heap_aligned_alloc
                0x0000000000018cf0       0x78 drivers/built-in.lib
                0x0000000000018cf0                heap_aligned_alloc
 *fill*         0x0000000000018d68        0x8 
 .text.heap_free
                0x0000000000018d70        0x4 drivers/built-in.lib
                0x0000000000018d70                heap_free
 *fill*         0x0000000000018d74        0xc 
 .text.uart_init
                0x0000000000018d80       0x38 drivers/built-in.lib
                0x0000000000018d80                uart_init
 *fill*         0x0000000000018db8        0x8 
 .text.uart_putchar
                0x0000000000018dc0       0x28 drivers/built-in.lib
                0x0000000000018dc0                uart_putchar
 *fill*         0x0000000000018de8        0x8 
 .text.uart_poll
                0x0000000000018df0       0x28 drivers/built-in.lib
                0x0000000000018df0                uart_poll
 *fill*         0x0000000000018e18        0x8 
 .text.uart_getchar
                0x0000000000018e20       0x28 drivers/built-in.lib
                0x0000000000018e20                uart_getchar
 *fill*         0x0000000000018e48        0x8 
 .text.uart_irq_init
                0x0000000000018e50       0x28 drivers/built-in.lib
                0x0000000000018e50                uart_irq_init
 *fill*         0x0000000000018e78        0x8 
 .text.uart_irq_ack
                0x0000000000018e80       0x20 drivers/built-in.lib
                0x0000000000018e80                uart_irq_ack
 .text.fdt_check_header
                0x0000000000018ea0       0xd8 drivers/built-in.lib
                0x0000000000018ea0                fdt_check_header
 *fill*         0x0000000000018f78        0x8 
 .text.fdt_offset_ptr
                0x0000000000018f80       0xd4 drivers/built-in.lib
                0x0000000000018f80                fdt_offset_ptr
 *fill*         0x0000000000019054        0xc 
 .text.fdt_next_tag
                0x0000000000019060      0x158 drivers/built-in.lib
                0x0000000000019060                fdt_next_tag
 *fill*         0x00000000000191b8        0x8 
 .text.fdt_check_node_offset_
                0x00000000000191c0       0x3c drivers/built-in.lib
                0x00000000000191c0                fdt_check_node_offset_
 *fill*         0x00000000000191fc        0x4 
 .text.fdt_check_prop_offset_
                0x0000000000019200       0x3c drivers/built-in.lib
                0x0000000000019200                fdt_check_prop_offset_
 *fill*         0x000000000001923c        0x4 
 .text.fdt_next_node
                0x0000000000019240       0xd8 drivers/built-in.lib
                0x0000000000019240                fdt_next_node
 *fill*         0x0000000000019318        0x8 
 .text.fdt_find_string_
                0x0000000000019320       0x84 drivers/built-in.lib
                0x0000000000019320                fdt_find_string_
 *fill*         0x00000000000193a4        0xc 
 .text.fdt_move
                0x00000000000193b0       0x68 drivers/built-in.lib
                0x00000000000193b0                fdt_move
 *fill*         0x0000000000019418        0x8 
 .text.print_data
                0x0000000000019420      0x2a0 drivers/built-in.lib
 .text.do_fdt   0x00000000000196c0      0x9f8 drivers/built-in.lib
 *fill*         0x000000000001a0b8        0x8 
 .text.fdt_path_offset_create
                0x000000000001a0c0      0x14c drivers/built-in.lib
                0x000000000001a0c0                fdt_path_offset_create
 *fill*         0x000000000001a20c        0x4 
 .text.fdt_initrd
                0x000000000001a210      0x268 drivers/built-in.lib
                0x000000000001a210                fdt_initrd
 *fill*         0x000000000001a478        0x8 
 .text.fdt_chosen
                0x000000000001a480       0xa8 drivers/built-in.lib
                0x000000000001a480                fdt_chosen
 *fill*         0x000000000001a528        0x8 
 .text.nextprop_
                0x000000000001a530       0x70 drivers/built-in.lib
 .text.fdt_get_property_by_offset_
                0x000000000001a5a0       0x8c drivers/built-in.lib
 *fill*         0x000000000001a62c        0x4 
 .text.fdt_string
                0x000000000001a630       0x2c drivers/built-in.lib
                0x000000000001a630                fdt_string
 *fill*         0x000000000001a65c        0x4 
 .text.fdt_get_mem_rsv
                0x000000000001a660      0x114 drivers/built-in.lib
                0x000000000001a660                fdt_get_mem_rsv
 *fill*         0x000000000001a774        0xc 
 .text.fdt_num_mem_rsv
                0x000000000001a780       0x88 drivers/built-in.lib
                0x000000000001a780                fdt_num_mem_rsv
 *fill*         0x000000000001a808        0x8 
 .text.fdt_get_name
                0x000000000001a810       0xe4 drivers/built-in.lib
                0x000000000001a810                fdt_get_name
 *fill*         0x000000000001a8f4        0xc 
 .text.fdt_subnode_offset_namelen
                0x000000000001a900      0x104 drivers/built-in.lib
                0x000000000001a900                fdt_subnode_offset_namelen
 *fill*         0x000000000001aa04        0xc 
 .text.fdt_first_property_offset
                0x000000000001aa10       0x28 drivers/built-in.lib
                0x000000000001aa10                fdt_first_property_offset
 *fill*         0x000000000001aa38        0x8 
 .text.fdt_next_property_offset
                0x000000000001aa40       0x28 drivers/built-in.lib
                0x000000000001aa40                fdt_next_property_offset
 *fill*         0x000000000001aa68        0x8 
 .text.fdt_get_property_namelen_
                0x000000000001aa70      0x120 drivers/built-in.lib
 .text.fdt_get_property_namelen
                0x000000000001ab90       0x44 drivers/built-in.lib
                0x000000000001ab90                fdt_get_property_namelen
 *fill*         0x000000000001abd4        0xc 
 .text.fdt_get_property
                0x000000000001abe0       0x48 drivers/built-in.lib
                0x000000000001abe0                fdt_get_property
 *fill*         0x000000000001ac28        0x8 
 .text.fdt_getprop_namelen
                0x000000000001ac30       0x98 drivers/built-in.lib
                0x000000000001ac30                fdt_getprop_namelen
 *fill*         0x000000000001acc8        0x8 
 .text.fdt_getprop
                0x000000000001acd0       0x48 drivers/built-in.lib
                0x000000000001acd0                fdt_getprop
 *fill*         0x000000000001ad18        0x8 
 .text.fdt_get_alias_namelen
                0x000000000001ad20       0x58 drivers/built-in.lib
                0x000000000001ad20                fdt_get_alias_namelen
 *fill*         0x000000000001ad78        0x8 
 .text.fdt_path_offset_namelen
                0x000000000001ad80      0x118 drivers/built-in.lib
                0x000000000001ad80                fdt_path_offset_namelen
 *fill*         0x000000000001ae98        0x8 
 .text.fdt_path_offset
                0x000000000001aea0       0x30 drivers/built-in.lib
                0x000000000001aea0                fdt_path_offset
 .text.fdt_blocks_misordered_
                0x000000000001aed0       0xdc drivers/built-in.lib
 *fill*         0x000000000001afac        0x4 
 .text.fdt_splice_
                0x000000000001afb0       0xd8 drivers/built-in.lib
 *fill*         0x000000000001b088        0x8 
 .text.fdt_splice_mem_rsv_
                0x000000000001b090       0x88 drivers/built-in.lib
 *fill*         0x000000000001b118        0x8 
 .text.fdt_splice_struct_
                0x000000000001b120       0x84 drivers/built-in.lib
 *fill*         0x000000000001b1a4        0xc 
 .text.fdt_packblocks_
                0x000000000001b1b0      0x16c drivers/built-in.lib
 *fill*         0x000000000001b31c        0x4 
 .text.fdt_add_property_
                0x000000000001b320      0x248 drivers/built-in.lib
 *fill*         0x000000000001b568        0x8 
 .text.fdt_rw_check_header_
                0x000000000001b570       0x90 drivers/built-in.lib
 .text.fdt_add_mem_rsv
                0x000000000001b600       0xb4 drivers/built-in.lib
                0x000000000001b600                fdt_add_mem_rsv
 *fill*         0x000000000001b6b4        0xc 
 .text.fdt_del_mem_rsv
                0x000000000001b6c0       0x7c drivers/built-in.lib
                0x000000000001b6c0                fdt_del_mem_rsv
 *fill*         0x000000000001b73c        0x4 
 .text.fdt_setprop_placeholder
                0x000000000001b740      0x124 drivers/built-in.lib
                0x000000000001b740                fdt_setprop_placeholder
 *fill*         0x000000000001b864        0xc 
 .text.fdt_setprop
                0x000000000001b870       0x58 drivers/built-in.lib
                0x000000000001b870                fdt_setprop
 *fill*         0x000000000001b8c8        0x8 
 .text.fdt_add_subnode_namelen
                0x000000000001b8d0      0x140 drivers/built-in.lib
                0x000000000001b8d0                fdt_add_subnode_namelen
 .text.fdt_add_subnode
                0x000000000001ba10       0x38 drivers/built-in.lib
                0x000000000001ba10                fdt_add_subnode
 *fill*         0x000000000001ba48        0x8 
 .text.fdt_open_into
                0x000000000001ba50      0x2bc drivers/built-in.lib
                0x000000000001ba50                fdt_open_into
 *fill*         0x000000000001bd0c        0x4 
 .text.fdt_strerror
                0x000000000001bd10       0x68 drivers/built-in.lib
                0x000000000001bd10                fdt_strerror
 *fill*         0x000000000001bd78        0x8 
 .text.fdt_address_cells
                0x000000000001bd80       0x78 drivers/built-in.lib
                0x000000000001bd80                fdt_address_cells
 *fill*         0x000000000001bdf8        0x8 
 .text.d71_init
                0x000000000001be00      0x108 drivers/built-in.lib
                0x000000000001be00                d71_init
 *fill*         0x000000000001bf08        0x8 
 .text.cmd_d71  0x000000000001bf10       0x38 drivers/built-in.lib
 *fill*         0x000000000001bf48        0x8 
 .text.vc8000e_init
                0x000000000001bf50       0x70 drivers/built-in.lib
                0x000000000001bf50                vc8000e_init
 .text.vc8000e_dump
                0x000000000001bfc0       0xa8 drivers/built-in.lib
                0x000000000001bfc0                vc8000e_dump
 *fill*         0x000000000001c068        0x8 
 .text.cmd_vc8000e
                0x000000000001c070       0x90 drivers/built-in.lib
 .text.vc8000d_init
                0x000000000001c100      0x110 drivers/built-in.lib
                0x000000000001c100                vc8000d_init
 .text.vc8000d_dump
                0x000000000001c210       0x98 drivers/built-in.lib
                0x000000000001c210                vc8000d_dump
 *fill*         0x000000000001c2a8        0x8 
 .text.vc8000d_features
                0x000000000001c2b0      0x1e8 drivers/built-in.lib
                0x000000000001c2b0                vc8000d_features
 *fill*         0x000000000001c498        0x8 
 .text.cmd_vc8000d
                0x000000000001c4a0       0xac drivers/built-in.lib
 *fill*         0x000000000001c54c        0x4 
 .text.tmr_handle_irq
                0x000000000001c550       0x10 arch/arm64/mach-se1000/built-in.lib
 .text.tsc_hw_ctrl_init
                0x000000000001c560        0x8 arch/arm64/mach-se1000/built-in.lib
                0x000000000001c560                tsc_hw_ctrl_init
 *fill*         0x000000000001c568        0x8 
 .text.gpt_hw_irq_init
                0x000000000001c570       0x78 arch/arm64/mach-se1000/built-in.lib
                0x000000000001c570                gpt_hw_irq_init
 *fill*         0x000000000001c5e8        0x8 
 .text.gpt_hw_ctrl_init
                0x000000000001c5f0        0x4 arch/arm64/mach-se1000/built-in.lib
                0x000000000001c5f0                gpt_hw_ctrl_init
 *fill*         0x000000000001c5f4        0xc 
 .text.psci_cpu_on
                0x000000000001c600       0x80 arch/arm64/mach-se1000/built-in.lib
                0x000000000001c600                psci_cpu_on

.iplt           0x000000000001c680        0x0
 .iplt          0x000000000001c680        0x0 arch/arm64/common/head.o

.rodata         0x000000000001c680     0x2b40
 *(.rodata .rodata.*)
 .rodata.entry.str1.8
                0x000000000001c680      0x102 init/built-in.lib
 *fill*         0x000000000001c782        0x6 
 .rodata.secondary_entry.str1.8
                0x000000000001c788        0xc init/built-in.lib
 *fill*         0x000000000001c794        0x4 
 .rodata.do_cache.str1.8
                0x000000000001c798       0x23 init/built-in.lib
 *fill*         0x000000000001c7bb        0x5 
 .rodata.str1.8
                0x000000000001c7c0       0xfd init/built-in.lib
                                        0x105 (鬆開之前的大小)
 *fill*         0x000000000001c8bd        0x3 
 .rodata.address_bits_per_lookup
                0x000000000001c8c0       0x1c arch/arm64/common/built-in.lib
 *fill*         0x000000000001c8dc        0x4 
 .rodata.block_size_per_level
                0x000000000001c8e0       0xc0 arch/arm64/common/built-in.lib
 .rodata.granule_resolution_in_bits
                0x000000000001c9a0       0x1c arch/arm64/common/built-in.lib
 *fill*         0x000000000001c9bc        0x4 
 .rodata.bit_range_at_level
                0x000000000001c9c0       0x30 arch/arm64/common/built-in.lib
 .rodata.mmu_apply_action.str1.8
                0x000000000001c9f0       0xc5 arch/arm64/common/built-in.lib
 *fill*         0x000000000001cab5        0x3 
 .rodata.mmu_init.str1.8
                0x000000000001cab8      0x11b arch/arm64/common/built-in.lib
 *fill*         0x000000000001cbd3        0x5 
 .rodata.mmu_allocate_aligned.str1.8
                0x000000000001cbd8       0x1d arch/arm64/common/built-in.lib
 *fill*         0x000000000001cbf5        0x3 
 .rodata.Ctype  0x000000000001cbf8       0x40 arch/arm64/common/built-in.lib
 .rodata.L1Ip_s
                0x000000000001cc38       0x20 arch/arm64/common/built-in.lib
 .rodata.cmd_cacheinfo.str1.8
                0x000000000001cc58       0xd9 arch/arm64/common/built-in.lib
 *fill*         0x000000000001cd31        0x7 
 .rodata.dump_ccsidr.str1.8
                0x000000000001cd38       0x2b arch/arm64/common/built-in.lib
 *fill*         0x000000000001cd63        0x5 
 .rodata.str1.8
                0x000000000001cd68      0x37e arch/arm64/common/built-in.lib
                                        0x386 (鬆開之前的大小)
 *fill*         0x000000000001d0e6        0x2 
 .rodata.bad_mode.str1.8
                0x000000000001d0e8       0xad arch/arm64/common/built-in.lib
                                         0xb2 (鬆開之前的大小)
 *fill*         0x000000000001d195        0x3 
 .rodata.esr_class_str
                0x000000000001d198      0x200 arch/arm64/common/built-in.lib
 .rodata.handler
                0x000000000001d398       0x20 arch/arm64/common/built-in.lib
 .rodata.std_svc_smc_handler.str1.8
                0x000000000001d3b8        0xf arch/arm64/psci/built-in.lib
 *fill*         0x000000000001d3c7        0x1 
 .rodata.do_psci.str1.8
                0x000000000001d3c8        0x3 arch/arm64/psci/built-in.lib
 *fill*         0x000000000001d3cb        0x5 
 .rodata.psci_smc_handler.str1.8
                0x000000000001d3d0       0x8e arch/arm64/psci/built-in.lib
 *fill*         0x000000000001d45e        0x2 
 .rodata.str1.8
                0x000000000001d460       0x74 arch/arm64/psci/built-in.lib
 *fill*         0x000000000001d4d4        0x4 
 .rodata.__stack_chk_fail.str1.8
                0x000000000001d4d8       0x1a lib/built-in.lib
 *fill*         0x000000000001d4f2        0x6 
 .rodata.exp10_table
                0x000000000001d4f8       0x48 lib/built-in.lib
 .rodata.fmt    0x000000000001d540       0x14 lib/built-in.lib
 *fill*         0x000000000001d554        0x4 
 .rodata.format_number.str1.8
                0x000000000001d558       0x4d lib/built-in.lib
 *fill*         0x000000000001d5a5        0x3 
 .rodata.vsnprintf.str1.8
                0x000000000001d5a8        0x7 lib/built-in.lib
 *fill*         0x000000000001d5af        0x1 
 .rodata.dsr_run_once.str1.8
                0x000000000001d5b0       0x20 drivers/built-in.lib
 .rodata.irq_register_vector.str1.8
                0x000000000001d5d0        0xe drivers/built-in.lib
                                         0x20 (鬆開之前的大小)
 *fill*         0x000000000001d5de        0x2 
 .rodata.str1.8
                0x000000000001d5e0      0x9fa drivers/built-in.lib
 *fill*         0x000000000001dfda        0x6 
 .rodata.test_timer_handler.str1.8
                0x000000000001dfe0       0x17 drivers/built-in.lib
 *fill*         0x000000000001dff7        0x1 
 .rodata.cread_add_char.constprop.1.str1.8
                0x000000000001dff8        0x5 drivers/built-in.lib
 *fill*         0x000000000001dffd        0x3 
 .rodata.readline_mode.str1.8
                0x000000000001e000        0x4 drivers/built-in.lib
                                          0xc (鬆開之前的大小)
 *fill*         0x000000000001e004        0x4 
 .rodata.CSWTCH.23
                0x000000000001e008       0x58 drivers/built-in.lib
 .rodata.cmd_console_handler.str1.8
                0x000000000001e060       0x56 drivers/built-in.lib
 *fill*         0x000000000001e0b6        0x2 
 .rodata.cmd_help.part.1.str1.8
                0x000000000001e0b8        0xa drivers/built-in.lib
 *fill*         0x000000000001e0c2        0x6 
 .rodata.cmd_help.str1.8
                0x000000000001e0c8       0x31 drivers/built-in.lib
 *fill*         0x000000000001e0f9        0x7 
 .rodata.do_echo.str1.8
                0x000000000001e100        0xc drivers/built-in.lib
                                         0x1a (鬆開之前的大小)
 *fill*         0x000000000001e10c        0x4 
 .rodata.do_rr_rw.str1.8
                0x000000000001e110       0x9d drivers/built-in.lib
 *fill*         0x000000000001e1ad        0x3 
 .rodata.print_buffer.str1.8
                0x000000000001e1b0       0x28 drivers/built-in.lib
 .rodata.bitpattern.3587
                0x000000000001e1d8       0x40 drivers/built-in.lib
 .rodata.do_mem_test.str1.8
                0x000000000001e218      0x3bd drivers/built-in.lib
 *fill*         0x000000000001e5d5        0x3 
 .rodata.heap_aligned_alloc.str1.8
                0x000000000001e5d8       0x3b drivers/built-in.lib
 *fill*         0x000000000001e613        0x5 
 .rodata.do_fdt.str1.8
                0x000000000001e618      0x1a9 drivers/built-in.lib
                                        0x1b1 (鬆開之前的大小)
 *fill*         0x000000000001e7c1        0x7 
 .rodata.print_data.str1.8
                0x000000000001e7c8       0x52 drivers/built-in.lib
                                         0x62 (鬆開之前的大小)
 *fill*         0x000000000001e81a        0x6 
 .rodata.fdt_chosen.str1.8
                0x000000000001e820       0x3f drivers/built-in.lib
 *fill*         0x000000000001e85f        0x1 
 .rodata.fdt_initrd.str1.8
                0x000000000001e860       0x9d drivers/built-in.lib
                                         0xa5 (鬆開之前的大小)
 *fill*         0x000000000001e8fd        0x3 
 .rodata.fdt_get_alias_namelen.str1.8
                0x000000000001e900        0x9 drivers/built-in.lib
 *fill*         0x000000000001e909        0x7 
 .rodata.fdt_errtable
                0x000000000001e910       0x90 drivers/built-in.lib
 .rodata.fdt_strerror.str1.8
                0x000000000001e9a0       0x38 drivers/built-in.lib
 .rodata.fdt_address_cells.str1.8
                0x000000000001e9d8        0xf drivers/built-in.lib
 *fill*         0x000000000001e9e7        0x1 
 .rodata.d71_init.str1.8
                0x000000000001e9e8       0x15 drivers/built-in.lib
 *fill*         0x000000000001e9fd        0x3 
 .rodata.core_array
                0x000000000001ea00       0x18 drivers/built-in.lib
 .rodata.vc8000e_dump.str1.8
                0x000000000001ea18       0x36 drivers/built-in.lib
 *fill*         0x000000000001ea4e        0x2 
 .rodata.vc8000e_init.str1.8
                0x000000000001ea50       0x4a drivers/built-in.lib
 .rodata.vc8000d_dump.str1.8
                0x000000000001ea9a       0x36 drivers/built-in.lib
 *fill*         0x000000000001ea9a        0x6 
 .rodata.vc8000d_features.str1.8
                0x000000000001eaa0      0x245 drivers/built-in.lib
 *fill*         0x000000000001ece5        0x3 
 .rodata.vc8000d_init.str1.8
                0x000000000001ece8       0x80 drivers/built-in.lib
                                         0x9c (鬆開之前的大小)
 .rodata.static_mmu_entry_list
                0x000000000001ed68      0x258 arch/arm64/mach-se1000/built-in.lib
                0x000000000001ed68                static_mmu_entry_list
                0x000000000001efc0                . = ALIGN (0x8)
                0x000000000001efc0                __cmd_array_start = .
 *(SORT(.cmd_array.*))
 .cmd_array.cache
                0x000000000001efc0       0x20 init/built-in.lib
 .cmd_array.cacheinfo
                0x000000000001efe0       0x20 arch/arm64/common/built-in.lib
 .cmd_array.d71
                0x000000000001f000       0x20 drivers/built-in.lib
 .cmd_array.echo
                0x000000000001f020       0x20 drivers/built-in.lib
 .cmd_array.fdt
                0x000000000001f040       0x20 drivers/built-in.lib
 .cmd_array.help
                0x000000000001f060       0x20 drivers/built-in.lib
 .cmd_array.kernel
                0x000000000001f080       0x20 init/built-in.lib
 .cmd_array.md  0x000000000001f0a0       0x20 drivers/built-in.lib
 .cmd_array.mt  0x000000000001f0c0       0x20 drivers/built-in.lib
 .cmd_array.mw  0x000000000001f0e0       0x20 drivers/built-in.lib
 .cmd_array.psci
                0x000000000001f100       0x20 arch/arm64/psci/built-in.lib
 .cmd_array.rr  0x000000000001f120       0x20 drivers/built-in.lib
 .cmd_array.rw  0x000000000001f140       0x20 drivers/built-in.lib
 .cmd_array.timer
                0x000000000001f160       0x20 drivers/built-in.lib
 .cmd_array.vc8d
                0x000000000001f180       0x20 drivers/built-in.lib
 .cmd_array.vc8e
                0x000000000001f1a0       0x20 drivers/built-in.lib
                0x000000000001f1c0                __cmd_array_end = .
                0x000000000001f1c0                . = ALIGN (0x8)
                0x000000000001f1c0                __testfn_start = .
 *(.testfn)
                0x000000000001f1c0                __testfn_end = .

.rela.dyn       0x000000000001f1c0        0x0
 .rela.iplt     0x000000000001f1c0        0x0 arch/arm64/common/head.o
                0x0000000000020000                . = ALIGN (0x1000)
                0x0000000000020000                __etext = .
                0x0000000000020000                __sdata = .

.data           0x0000000000020000       0x80
                0x0000000000020000                __data_start = .
 *(.data .data.*)
 .data.__stack_chk_guard
                0x0000000000020000        0x8 lib/built-in.lib
                0x0000000000020000                __stack_chk_guard
 .data.cpus_boot_cpu
                0x0000000000020008        0x8 drivers/built-in.lib
                0x0000000000020008                cpus_boot_cpu
 .data.hist_cur
                0x0000000000020010        0x4 drivers/built-in.lib
 *fill*         0x0000000000020014        0x4 
 .data.gp_buf   0x0000000000020018        0x8 drivers/built-in.lib
                0x0000000000020018                gp_buf
 .data.root.4236
                0x0000000000020020        0x2 drivers/built-in.lib
 *fill*         0x0000000000020022        0x6 
 .data.tabs.4182
                0x0000000000020028       0x21 drivers/built-in.lib
 *fill*         0x0000000000020049        0x7 
 .data.core_array
                0x0000000000020050       0x18 drivers/built-in.lib
 .data.static_mmu_entry_list_len
                0x0000000000020068        0x4 arch/arm64/mach-se1000/built-in.lib
                0x0000000000020068                static_mmu_entry_list_len
                0x0000000000020080                . = ALIGN (0x80)
 *fill*         0x000000000002006c       0x14 
                0x0000000000020080                __percpu_start = .
 *(.sysdata..percpu)
                0x0000000000020080                . = ALIGN (0x80)
                0x0000000000020080                __percpu_end = .
                0x0000000000020080                __data_end = .

.igot.plt       0x0000000000020080        0x0
 .igot.plt      0x0000000000020080        0x0 arch/arm64/common/head.o

.bss            0x0000000000020080     0x1d40
                0x0000000000020080                __bss_start = .
 *(.bss .bss.*)
 .bss.mmu_ttb   0x0000000000020080       0x40 arch/arm64/common/built-in.lib
 .bss.pt_attr   0x00000000000200c0       0x20 arch/arm64/common/built-in.lib
 .bss._handler  0x00000000000200e0        0x8 arch/arm64/common/built-in.lib
 .bss.entry_addr
                0x00000000000200e8        0x8 arch/arm64/psci/built-in.lib
                0x00000000000200e8                entry_addr
 .bss.errno     0x00000000000200f0        0x4 lib/built-in.lib
                0x00000000000200f0                errno
 *fill*         0x00000000000200f4        0xc 
 .bss.dsr_descs
                0x0000000000020100      0x400 drivers/built-in.lib
                0x0000000000020100                dsr_descs
 .bss.irq_handlers
                0x0000000000020500       0x80 drivers/built-in.lib
 .bss.irq_nr_regs
                0x0000000000020580        0x1 drivers/built-in.lib
 *fill*         0x0000000000020581        0x7 
 .bss.irq_nr_table
                0x0000000000020588       0x20 drivers/built-in.lib
 .bss.g_irqc    0x00000000000205a8        0x8 drivers/built-in.lib
                0x00000000000205a8                g_irqc
 *fill*         0x00000000000205b0       0x50 
 .bss.cpu_clkevts
                0x0000000000020600      0x800 drivers/built-in.lib
 .bss.test_timer_id
                0x0000000000020e00        0x1 drivers/built-in.lib
 *fill*         0x0000000000020e01        0x3 
 .bss.debug_dsr
                0x0000000000020e04        0x4 drivers/built-in.lib
 .bss.debug_events
                0x0000000000020e08        0x1 drivers/built-in.lib
 *fill*         0x0000000000020e09        0x7 
 .bss.cbuf      0x0000000000020e10       0x81 drivers/built-in.lib
 *fill*         0x0000000000020e91        0x7 
 .bss.cur_num   0x0000000000020e98        0x8 drivers/built-in.lib
 .bss.eol_num   0x0000000000020ea0        0x8 drivers/built-in.lib
 .bss.esc_len   0x0000000000020ea8        0x4 drivers/built-in.lib
 *fill*         0x0000000000020eac        0x4 
 .bss.esc_save  0x0000000000020eb0        0x8 drivers/built-in.lib
 .bss.hist_add_idx
                0x0000000000020eb8        0x4 drivers/built-in.lib
 *fill*         0x0000000000020ebc        0x4 
 .bss.hist_lines
                0x0000000000020ec0      0xa14 drivers/built-in.lib
 *fill*         0x00000000000218d4        0x4 
 .bss.hist_list
                0x00000000000218d8       0xa0 drivers/built-in.lib
 .bss.hist_max  0x0000000000021978        0x4 drivers/built-in.lib
 .bss.hist_num  0x000000000002197c        0x4 drivers/built-in.lib
 .bss.readline_handler
                0x0000000000021980        0x8 drivers/built-in.lib
 .bss.g_cmd_ret_value
                0x0000000000021988        0x4 drivers/built-in.lib
 *fill*         0x000000000002198c        0x4 
 .bss.current_uart
                0x0000000000021990        0x8 drivers/built-in.lib
                0x0000000000021990                current_uart
 .bss.data.4238
                0x0000000000021998      0x400 drivers/built-in.lib
 .bss.fdt       0x0000000000021d98        0x8 drivers/built-in.lib
 .bss.total_core_number
                0x0000000000021da0        0x8 drivers/built-in.lib
                0x0000000000021dc0                . = ALIGN (0x40)
 *fill*         0x0000000000021da8       0x18 
                0x0000000000021dc0                __bss_end = .
                0x0000000000022000                . = ALIGN (0x1000)
                0x0000000000022000                __edata = .

.pagetable
 *(.pagetable)
                0x0000000000022000                __heap_start = .
                0x0000000000000001                ASSERT ((. <= 0x78000), stacks overflowed with text + data + bss)
LOAD arch/arm64/common/head.o
LOAD init/built-in.lib
START GROUP
LOAD arch/arm64/common/built-in.lib
LOAD arch/arm64/lib/built-in.lib
LOAD arch/arm64/psci/built-in.lib
LOAD lib/built-in.lib
LOAD drivers/built-in.lib
LOAD arch/arm64/mach-se1000/built-in.lib
LOAD tests/built-in.lib
END GROUP
OUTPUT(hvep elf64-littleaarch64)

.comment        0x0000000000000000       0x74
 .comment       0x0000000000000000       0x74 init/built-in.lib
                                         0xea (鬆開之前的大小)
 .comment       0x0000000000000074      0x333 arch/arm64/common/built-in.lib
 .comment       0x0000000000000074       0xea arch/arm64/psci/built-in.lib
 .comment       0x0000000000000074      0x507 lib/built-in.lib
 .comment       0x0000000000000074      0xd41 drivers/built-in.lib
 .comment       0x0000000000000074      0x15f arch/arm64/mach-se1000/built-in.lib

.note.GNU-stack
                0x0000000000000000        0x0
 .note.GNU-stack
                0x0000000000000000        0x0 init/built-in.lib
 .note.GNU-stack
                0x0000000000000000        0x0 arch/arm64/common/built-in.lib
 .note.GNU-stack
                0x0000000000000000        0x0 arch/arm64/psci/built-in.lib
 .note.GNU-stack
                0x0000000000000000        0x0 lib/built-in.lib
 .note.GNU-stack
                0x0000000000000000        0x0 drivers/built-in.lib
 .note.GNU-stack
                0x0000000000000000        0x0 arch/arm64/mach-se1000/built-in.lib

.debug_frame    0x0000000000000000       0xe8
 .debug_frame   0x0000000000000000       0xe8 arch/arm64/lib/built-in.lib
